[{
	"resource": "/home/rersad/projects/TulaHack/backend/volunteer/src/main/java/com/example/volunteer/controller/TaskController.java",
	"owner": "_generated_diagnostic_collection_name_#7",
	"code": "67108964",
	"severity": 8,
	"message": "The method create(TaskDTO) is undefined for the type TaskService",
	"source": "Java",
	"startLineNumber": 47,
	"startColumn": 40,
	"endLineNumber": 47,
	"endColumn": 46
},{
	"resource": "/home/rersad/projects/TulaHack/backend/volunteer/src/main/java/com/example/volunteer/controller/TaskController.java",
	"owner": "_generated_diagnostic_collection_name_#7",
	"code": "67108964",
	"severity": 8,
	"message": "The method update(Long, TaskDTO) is undefined for the type TaskService",
	"source": "Java",
	"startLineNumber": 55,
	"startColumn": 28,
	"endLineNumber": 55,
	"endColumn": 34
},{
	"resource": "/home/rersad/projects/TulaHack/backend/volunteer/src/main/java/com/example/volunteer/controller/TaskController.java",
	"owner": "_generated_diagnostic_collection_name_#7",
	"code": "67108964",
	"severity": 8,
	"message": "The method getTask(Long) is undefined for the type TaskService",
	"source": "Java",
	"startLineNumber": 63,
	"startColumn": 28,
	"endLineNumber": 63,
	"endColumn": 35
},{
	"resource": "/home/rersad/projects/TulaHack/backend/volunteer/src/main/java/com/example/volunteer/controller/TaskController.java",
	"owner": "_generated_diagnostic_collection_name_#7",
	"code": "67108964",
	"severity": 8,
	"message": "The method getTasksByUserEmail(String) is undefined for the type TaskService",
	"source": "Java",
	"startLineNumber": 77,
	"startColumn": 40,
	"endLineNumber": 77,
	"endColumn": 59
},{
	"resource": "/home/rersad/projects/TulaHack/backend/volunteer/src/main/java/com/example/volunteer/controller/TaskController.java",
	"owner": "_generated_diagnostic_collection_name_#7",
	"code": "67108964",
	"severity": 8,
	"message": "The method getResponders(Long) is undefined for the type TaskService",
	"source": "Java",
	"startLineNumber": 97,
	"startColumn": 28,
	"endLineNumber": 97,
	"endColumn": 41
},{
	"resource": "/home/rersad/projects/TulaHack/backend/volunteer/src/main/java/com/example/volunteer/controller/TaskController.java",
	"owner": "_generated_diagnostic_collection_name_#7",
	"code": "67108964",
	"severity": 8,
	"message": "The method getTask(Long) is undefined for the type TaskService",
	"source": "Java",
	"startLineNumber": 113,
	"startColumn": 46,
	"endLineNumber": 113,
	"endColumn": 53
},{
	"resource": "/home/rersad/projects/TulaHack/backend/volunteer/src/main/java/com/example/volunteer/controller/TaskController.java",
	"owner": "_generated_diagnostic_collection_name_#7",
	"code": "67108979",
	"severity": 8,
	"message": "The method addReview(Long, ReviewDTO, String) in the type TaskService is not applicable for the arguments (Long, ReviewDTO)",
	"source": "Java",
	"startLineNumber": 121,
	"startColumn": 46,
	"endLineNumber": 121,
	"endColumn": 55
},{
	"resource": "/home/rersad/projects/TulaHack/backend/volunteer/src/main/java/com/example/volunteer/controller/TaskController.java",
	"owner": "_generated_diagnostic_collection_name_#7",
	"code": "67108984",
	"severity": 8,
	"message": "The method getTasksByStatus(TaskStatus) from the type TaskService refers to the missing type TaskStatus",
	"source": "Java",
	"startLineNumber": 133,
	"startColumn": 40,
	"endLineNumber": 133,
	"endColumn": 56
},{
	"resource": "/home/rersad/projects/TulaHack/backend/volunteer/src/main/java/com/example/volunteer/controller/TaskController.java",
	"owner": "_generated_diagnostic_collection_name_#7",
	"code": "570425421",
	"severity": 4,
	"message": "The value of the field TaskController.userConverter is not used",
	"source": "Java",
	"startLineNumber": 38,
	"startColumn": 33,
	"endLineNumber": 38,
	"endColumn": 46,
	"tags": [
		1
	]
},{
	"resource": "/home/rersad/projects/TulaHack/backend/volunteer/src/main/java/com/example/volunteer/controller/TaskController.java",
	"owner": "_generated_diagnostic_collection_name_#7",
	"code": "570425421",
	"severity": 4,
	"message": "The value of the field TaskController.userRepository is not used",
	"source": "Java",
	"startLineNumber": 39,
	"startColumn": 34,
	"endLineNumber": 39,
	"endColumn": 48,
	"tags": [
		1
	]
},{
	"resource": "/home/rersad/projects/TulaHack/backend/volunteer/src/main/java/com/example/volunteer/controller/TaskController.java",
	"owner": "_generated_diagnostic_collection_name_#7",
	"code": "603979893",
	"severity": 4,
	"message": "The static method entityToDto(Task) from the type TaskConverter should be accessed in a static way",
	"source": "Java",
	"startLineNumber": 48,
	"startColumn": 34,
	"endLineNumber": 48,
	"endColumn": 72
},{
	"resource": "/home/rersad/projects/TulaHack/backend/volunteer/src/main/java/com/example/volunteer/controller/TaskController.java",
	"owner": "_generated_diagnostic_collection_name_#7",
	"code": "603979893",
	"severity": 4,
	"message": "The static method entityToDto(Task) from the type TaskConverter should be accessed in a static way",
	"source": "Java",
	"startLineNumber": 79,
	"startColumn": 30,
	"endLineNumber": 79,
	"endColumn": 61
},{
	"resource": "/home/rersad/projects/TulaHack/backend/volunteer/src/main/java/com/example/volunteer/controller/TaskController.java",
	"owner": "_generated_diagnostic_collection_name_#7",
	"code": "603979893",
	"severity": 4,
	"message": "The static method entityToDto(Task) from the type TaskConverter should be accessed in a static way",
	"source": "Java",
	"startLineNumber": 126,
	"startColumn": 23,
	"endLineNumber": 126,
	"endColumn": 63
},{
	"resource": "/home/rersad/projects/TulaHack/backend/volunteer/src/main/java/com/example/volunteer/controller/TaskController.java",
	"owner": "_generated_diagnostic_collection_name_#7",
	"code": "603979893",
	"severity": 4,
	"message": "The static method entityToDto(Task) from the type TaskConverter should be accessed in a static way",
	"source": "Java",
	"startLineNumber": 135,
	"startColumn": 30,
	"endLineNumber": 135,
	"endColumn": 61
}]

[{
	"resource": "/home/rersad/projects/TulaHack/backend/volunteer/src/main/java/com/example/volunteer/service/TaskService.java",
	"owner": "_generated_diagnostic_collection_name_#7",
	"code": "268435846",
	"severity": 8,
	"message": "The import com.example.volunteer.enums cannot be resolved",
	"source": "Java",
	"startLineNumber": 5,
	"startColumn": 8,
	"endLineNumber": 5,
	"endColumn": 35
},{
	"resource": "/home/rersad/projects/TulaHack/backend/volunteer/src/main/java/com/example/volunteer/service/TaskService.java",
	"owner": "_generated_diagnostic_collection_name_#7",
	"code": "268435846",
	"severity": 8,
	"message": "The import com.example.volunteer.exception cannot be resolved",
	"source": "Java",
	"startLineNumber": 6,
	"startColumn": 8,
	"endLineNumber": 6,
	"endColumn": 39
},{
	"resource": "/home/rersad/projects/TulaHack/backend/volunteer/src/main/java/com/example/volunteer/service/TaskService.java",
	"owner": "_generated_diagnostic_collection_name_#7",
	"code": "268435846",
	"severity": 8,
	"message": "The import com.example.volunteer.exception cannot be resolved",
	"source": "Java",
	"startLineNumber": 7,
	"startColumn": 8,
	"endLineNumber": 7,
	"endColumn": 39
},{
	"resource": "/home/rersad/projects/TulaHack/backend/volunteer/src/main/java/com/example/volunteer/service/TaskService.java",
	"owner": "_generated_diagnostic_collection_name_#7",
	"code": "268435846",
	"severity": 8,
	"message": "The import org.modelmapper cannot be resolved",
	"source": "Java",
	"startLineNumber": 14,
	"startColumn": 8,
	"endLineNumber": 14,
	"endColumn": 23
},{
	"resource": "/home/rersad/projects/TulaHack/backend/volunteer/src/main/java/com/example/volunteer/service/TaskService.java",
	"owner": "_generated_diagnostic_collection_name_#7",
	"code": "16777218",
	"severity": 8,
	"message": "ModelMapper cannot be resolved to a type",
	"source": "Java",
	"startLineNumber": 27,
	"startColumn": 1,
	"endLineNumber": 27,
	"endColumn": 25
},{
	"resource": "/home/rersad/projects/TulaHack/backend/volunteer/src/main/java/com/example/volunteer/service/TaskService.java",
	"owner": "_generated_diagnostic_collection_name_#7",
	"code": "16777218",
	"severity": 8,
	"message": "ModelMapper cannot be resolved to a type",
	"source": "Java",
	"startLineNumber": 27,
	"startColumn": 1,
	"endLineNumber": 27,
	"endColumn": 25
},{
	"resource": "/home/rersad/projects/TulaHack/backend/volunteer/src/main/java/com/example/volunteer/service/TaskService.java",
	"owner": "_generated_diagnostic_collection_name_#7",
	"code": "16777218",
	"severity": 8,
	"message": "ModelMapper cannot be resolved to a type",
	"source": "Java",
	"startLineNumber": 33,
	"startColumn": 19,
	"endLineNumber": 33,
	"endColumn": 30
},{
	"resource": "/home/rersad/projects/TulaHack/backend/volunteer/src/main/java/com/example/volunteer/service/TaskService.java",
	"owner": "_generated_diagnostic_collection_name_#7",
	"code": "16777218",
	"severity": 8,
	"message": "ModelMapper cannot be resolved to a type",
	"source": "Java",
	"startLineNumber": 41,
	"startColumn": 21,
	"endLineNumber": 41,
	"endColumn": 32
},{
	"resource": "/home/rersad/projects/TulaHack/backend/volunteer/src/main/java/com/example/volunteer/service/TaskService.java",
	"owner": "_generated_diagnostic_collection_name_#7",
	"code": "33554515",
	"severity": 8,
	"message": "TaskStatus cannot be resolved to a variable",
	"source": "Java",
	"startLineNumber": 43,
	"startColumn": 24,
	"endLineNumber": 43,
	"endColumn": 34
},{
	"resource": "/home/rersad/projects/TulaHack/backend/volunteer/src/main/java/com/example/volunteer/service/TaskService.java",
	"owner": "_generated_diagnostic_collection_name_#7",
	"code": "33554515",
	"severity": 8,
	"message": "com.example.volunteer.enums cannot be resolved to a variable",
	"source": "Java",
	"startLineNumber": 46,
	"startColumn": 50,
	"endLineNumber": 46,
	"endColumn": 77
},{
	"resource": "/home/rersad/projects/TulaHack/backend/volunteer/src/main/java/com/example/volunteer/service/TaskService.java",
	"owner": "_generated_diagnostic_collection_name_#7",
	"code": "16777218",
	"severity": 8,
	"message": "ModelMapper cannot be resolved to a type",
	"source": "Java",
	"startLineNumber": 52,
	"startColumn": 16,
	"endLineNumber": 52,
	"endColumn": 27
},{
	"resource": "/home/rersad/projects/TulaHack/backend/volunteer/src/main/java/com/example/volunteer/service/TaskService.java",
	"owner": "_generated_diagnostic_collection_name_#7",
	"code": "33554515",
	"severity": 8,
	"message": "com.example.volunteer.enums cannot be resolved to a variable",
	"source": "Java",
	"startLineNumber": 69,
	"startColumn": 58,
	"endLineNumber": 69,
	"endColumn": 85
},{
	"resource": "/home/rersad/projects/TulaHack/backend/volunteer/src/main/java/com/example/volunteer/service/TaskService.java",
	"owner": "_generated_diagnostic_collection_name_#7",
	"code": "16777218",
	"severity": 8,
	"message": "ModelMapper cannot be resolved to a type",
	"source": "Java",
	"startLineNumber": 76,
	"startColumn": 20,
	"endLineNumber": 76,
	"endColumn": 31
},{
	"resource": "/home/rersad/projects/TulaHack/backend/volunteer/src/main/java/com/example/volunteer/service/TaskService.java",
	"owner": "_generated_diagnostic_collection_name_#7",
	"code": "16777218",
	"severity": 8,
	"message": "ModelMapper cannot be resolved to a type",
	"source": "Java",
	"startLineNumber": 83,
	"startColumn": 30,
	"endLineNumber": 83,
	"endColumn": 41
},{
	"resource": "/home/rersad/projects/TulaHack/backend/volunteer/src/main/java/com/example/volunteer/service/TaskService.java",
	"owner": "_generated_diagnostic_collection_name_#7",
	"code": "16777218",
	"severity": 8,
	"message": "TaskStatus cannot be resolved to a type",
	"source": "Java",
	"startLineNumber": 87,
	"startColumn": 38,
	"endLineNumber": 87,
	"endColumn": 48
},{
	"resource": "/home/rersad/projects/TulaHack/backend/volunteer/src/main/java/com/example/volunteer/service/TaskService.java",
	"owner": "_generated_diagnostic_collection_name_#7",
	"code": "16778275",
	"severity": 8,
	"message": "Cannot infer type argument(s) for <R> map(Function<? super T,? extends R>)",
	"source": "Java",
	"startLineNumber": 94,
	"startColumn": 16,
	"endLineNumber": 95,
	"endColumn": 67
},{
	"resource": "/home/rersad/projects/TulaHack/backend/volunteer/src/main/java/com/example/volunteer/service/TaskService.java",
	"owner": "_generated_diagnostic_collection_name_#7",
	"code": "16777218",
	"severity": 8,
	"message": "ModelMapper cannot be resolved to a type",
	"source": "Java",
	"startLineNumber": 95,
	"startColumn": 30,
	"endLineNumber": 95,
	"endColumn": 41
},{
	"resource": "/home/rersad/projects/TulaHack/backend/volunteer/src/main/java/com/example/volunteer/service/TaskService.java",
	"owner": "_generated_diagnostic_collection_name_#7",
	"code": "67108979",
	"severity": 8,
	"message": "The method orElseThrow(Supplier<? extends X>) in the type Optional<Task> is not applicable for the arguments (() -> {})",
	"source": "Java",
	"startLineNumber": 107,
	"startColumn": 18,
	"endLineNumber": 107,
	"endColumn": 29
},{
	"resource": "/home/rersad/projects/TulaHack/backend/volunteer/src/main/java/com/example/volunteer/service/TaskService.java",
	"owner": "_generated_diagnostic_collection_name_#7",
	"code": "16777218",
	"severity": 8,
	"message": "ResourceNotFoundException cannot be resolved to a type",
	"source": "Java",
	"startLineNumber": 109,
	"startColumn": 32,
	"endLineNumber": 109,
	"endColumn": 57
},{
	"resource": "/home/rersad/projects/TulaHack/backend/volunteer/src/main/java/com/example/volunteer/service/TaskService.java",
	"owner": "_generated_diagnostic_collection_name_#7",
	"code": "33554515",
	"severity": 8,
	"message": "TaskStatus cannot be resolved to a variable",
	"source": "Java",
	"startLineNumber": 112,
	"startColumn": 33,
	"endLineNumber": 112,
	"endColumn": 43
},{
	"resource": "/home/rersad/projects/TulaHack/backend/volunteer/src/main/java/com/example/volunteer/service/TaskService.java",
	"owner": "_generated_diagnostic_collection_name_#7",
	"code": "16777218",
	"severity": 8,
	"message": "TaskAssignmentException cannot be resolved to a type",
	"source": "Java",
	"startLineNumber": 114,
	"startColumn": 23,
	"endLineNumber": 114,
	"endColumn": 46
},{
	"resource": "/home/rersad/projects/TulaHack/backend/volunteer/src/main/java/com/example/volunteer/service/TaskService.java",
	"owner": "_generated_diagnostic_collection_name_#7",
	"code": "16777218",
	"severity": 8,
	"message": "TaskAssignmentException cannot be resolved to a type",
	"source": "Java",
	"startLineNumber": 120,
	"startColumn": 23,
	"endLineNumber": 120,
	"endColumn": 46
},{
	"resource": "/home/rersad/projects/TulaHack/backend/volunteer/src/main/java/com/example/volunteer/service/TaskService.java",
	"owner": "_generated_diagnostic_collection_name_#7",
	"code": "16777218",
	"severity": 8,
	"message": "TaskAssignmentException cannot be resolved to a type",
	"source": "Java",
	"startLineNumber": 124,
	"startColumn": 23,
	"endLineNumber": 124,
	"endColumn": 46
},{
	"resource": "/home/rersad/projects/TulaHack/backend/volunteer/src/main/java/com/example/volunteer/service/TaskService.java",
	"owner": "_generated_diagnostic_collection_name_#7",
	"code": "33554515",
	"severity": 8,
	"message": "TaskStatus cannot be resolved to a variable",
	"source": "Java",
	"startLineNumber": 128,
	"startColumn": 24,
	"endLineNumber": 128,
	"endColumn": 34
},{
	"resource": "/home/rersad/projects/TulaHack/backend/volunteer/src/main/java/com/example/volunteer/service/TaskService.java",
	"owner": "_generated_diagnostic_collection_name_#7",
	"code": "16777218",
	"severity": 8,
	"message": "ModelMapper cannot be resolved to a type",
	"source": "Java",
	"startLineNumber": 133,
	"startColumn": 16,
	"endLineNumber": 133,
	"endColumn": 27
},{
	"resource": "/home/rersad/projects/TulaHack/backend/volunteer/src/main/java/com/example/volunteer/service/TaskService.java",
	"owner": "_generated_diagnostic_collection_name_#7",
	"code": "33554515",
	"severity": 8,
	"message": "TaskStatus cannot be resolved to a variable",
	"source": "Java",
	"startLineNumber": 146,
	"startColumn": 37,
	"endLineNumber": 146,
	"endColumn": 47
},{
	"resource": "/home/rersad/projects/TulaHack/backend/volunteer/src/main/java/com/example/volunteer/service/TaskService.java",
	"owner": "_generated_diagnostic_collection_name_#7",
	"code": "16777218",
	"severity": 8,
	"message": "ModelMapper cannot be resolved to a type",
	"source": "Java",
	"startLineNumber": 151,
	"startColumn": 24,
	"endLineNumber": 151,
	"endColumn": 35
},{
	"resource": "/home/rersad/projects/TulaHack/backend/volunteer/src/main/java/com/example/volunteer/service/TaskService.java",
	"owner": "_generated_diagnostic_collection_name_#7",
	"code": "16777218",
	"severity": 8,
	"message": "TaskStatus cannot be resolved to a type",
	"source": "Java",
	"startLineNumber": 161,
	"startColumn": 43,
	"endLineNumber": 161,
	"endColumn": 53
},{
	"resource": "/home/rersad/projects/TulaHack/backend/volunteer/src/main/java/com/example/volunteer/service/TaskService.java",
	"owner": "_generated_diagnostic_collection_name_#7",
	"code": "67108964",
	"severity": 8,
	"message": "The method findByUser(User) is undefined for the type TaskRepository",
	"source": "Java",
	"startLineNumber": 171,
	"startColumn": 31,
	"endLineNumber": 171,
	"endColumn": 41
},{
	"resource": "/home/rersad/projects/TulaHack/backend/volunteer/src/main/java/com/example/volunteer/service/TaskService.java",
	"owner": "_generated_diagnostic_collection_name_#7",
	"code": "67108964",
	"severity": 8,
	"message": "The method findByVolunteer(User) is undefined for the type TaskRepository",
	"source": "Java",
	"startLineNumber": 180,
	"startColumn": 31,
	"endLineNumber": 180,
	"endColumn": 46
},{
	"resource": "/home/rersad/projects/TulaHack/backend/volunteer/src/main/java/com/example/volunteer/service/TaskService.java",
	"owner": "_generated_diagnostic_collection_name_#7",
	"code": "67108979",
	"severity": 8,
	"message": "The method orElseThrow(Supplier<? extends X>) in the type Optional<Task> is not applicable for the arguments (() -> {})",
	"source": "Java",
	"startLineNumber": 189,
	"startColumn": 18,
	"endLineNumber": 189,
	"endColumn": 29
},{
	"resource": "/home/rersad/projects/TulaHack/backend/volunteer/src/main/java/com/example/volunteer/service/TaskService.java",
	"owner": "_generated_diagnostic_collection_name_#7",
	"code": "16777218",
	"severity": 8,
	"message": "ResourceNotFoundException cannot be resolved to a type",
	"source": "Java",
	"startLineNumber": 189,
	"startColumn": 40,
	"endLineNumber": 189,
	"endColumn": 65
}]